// Jest Snapshot v1, https://goo.gl/fbAQLP

exports[`muiltisig-3 should deploy 1`] = `
"x{00000000000000000000000000000000000000000000000000000000000000000000000100000000000000000000000000000000000000000000000000000000000000020000000000000000000000000000000000000000000000000000000000000003}
 x{C_}
  x{D04_}
   x{FF00F4A413F4BCF2C80B}
    x{62_}
     x{CB}
      x{2_}
       x{D4_}
        x{1C0875D27087E54C0835C2C7F780B434C0C05C6C3000645FE45C38807E900C1510455BC0FE1840A456F820840C378A50AEB8C08C3CB0192_}
         x{ED44D0D401F862D31FD3FFD3FFD3FF55306C1404D31F01821030DE2942BAF2E064D31FFA00FA4001433003D401D001D401D001D401D0164330361089107810675504F013C8F84201CC55305034CB1FCBFFCBFFCBFFC9ED54}
        x{081BBC93A_}
       x{5}
        x{2_}
         x{321C4072804572801C0072809400F3C5807E809C00729A1C007280089BACE65FC0728000BC005633254C9C16328038B2407EC02_}
         x{1C013233154C140D32C7F2FFF2FFF2FFF26_}
        x{2_}
         x{1FCCC05C1B7C032_}
         x{0408D7C0E_}
      x{62_}
       x{2_}
        x{04D7C0E_}
        x{1B0C6_}
       x{2_}
        x{17C0E_}
        x{151D50F215481408F2C7C07E808073C5B27E4014810ABE44148CCA7E441504CDFE4414D66EBCA280AC006C3CA2BC03A_}
     x{2_}
      x{BE64BF6A2686A00FC31698FE9FFE9FFE9FFAA98360A78094_}
      x{2_}
       x{2_}
        x{2_}
         x{B0E9FB513435007E18B4C7F4FFF4FFF4FFD54C1B053C046_}
         x{B0E1BB513435007E18B4C7F4FFF4FFF4FFD54C1B053C042_}
        x{B47CBDA89A1A803F0C5A63FA7FFA7FFA7FEAA60D829E01F_}
       x{B8AC7F00D}
"
`;
