// Jest Snapshot v1, https://goo.gl/fbAQLP

exports[`bugs not have a bug #18 1`] = `
[
  {
    "$seq": 0,
    "events": [
      {
        "$type": "deploy",
      },
      {
        "$type": "received",
        "message": {
          "body": {
            "type": "empty",
          },
          "bounce": true,
          "from": "kQBbjpCWk51tkYZGsmjT-XQUL0QGlxJD4fQHGbYhdCbwQlX-",
          "to": "kQD1gJ_EUZnuctMgolj_bp4yo6GNzHSHDYNNYyVqslDtFkdT",
          "type": "internal",
          "value": 10000000000n,
        },
      },
      {
        "$type": "processed",
        "gasUsed": 21294n,
      },
    ],
  },
]
`;
