// Jest Snapshot v1, https://goo.gl/fbAQLP

exports[`muiltisig-3 should deploy 1`] = `
[
  {
    "type": "deploy",
  },
  {
    "message": {
      "body": {
        "text": "Deploy",
        "type": "text",
      },
      "bounce": true,
      "from": "kQBbjpCWk51tkYZGsmjT-XQUL0QGlxJD4fQHGbYhdCbwQlX-",
      "to": "kQDuEv4CfVm1VY--rWckk55_MiS1rwXvE8k0rPx11-85US-l",
      "type": "internal",
      "value": 10000000000n,
    },
    "type": "received",
  },
  {
    "gasUsed": 4404n,
    "type": "processed",
  },
]
`;
